# 100-matrix_mul

===============================
test file for 100-matrix_mul.py
===============================

>>> matrix_mul = __import__('100-matrix_mul').matrix_mul

>>> matrix_mul([])
Traceback (most recent call last):
TypeError: matrix_mul() missing 1 required positional argument: 'm_b'

>>> matrix_mul([], [])
Traceback (most recent call last):
ValueError: m_a can't be empty

>>> matrix_mul([[]], [[]])
Traceback (most recent call last):
ValueError: m_a can't be empty

>>> matrix_mul([[1, 'b'], [2, 3]], [['a', 5], [7, 9]])
Traceback (most recent call last):
TypeError: m_a should contain only integers or floats

>>> matrix_mul([[1, 2], [2, 3]], [[3, 5], [7, 9], [4, 2]])
Traceback (most recent call last):
ValueError: m_a and m_b can't be multiplied

>>> matrix_mul()
Traceback (most recent call last):
TypeError: matrix_mul() missing 2 required positional arguments: 'm_a' and 'm_b'

>>> matrix_mul([[1, 2, 3]], [[3, 5, 9]])
Traceback (most recent call last):
ValueError: m_a and m_b can't be multiplied

>>> matrix_mul([[0, 0], [0, 0]], [[0, 0], [0, 0]])
[[0, 0], [0, 0]]

>>> matrix_mul([[2.1, 3.5], [-6, -8.3]], [[7.4, 9.4], [-7, -1.2]])
[[-8.959999999999999, 15.540000000000003], [13.700000000000003, -46.440000000000005]]

>>> matrix_mul([[1, 2, 3], [4, 5]], [[6, 7], [8, 9]])
Traceback (most recent call last):
TypeError: each row of m_a must be of the same size

>>> matrix_mul("i'am a matrix", [[6, 7], [8, 9]])
Traceback (most recent call last):
TypeError: m_a must be a list

>>> matrix_mul([[1, 2, 3]], "i'am a matrix")
Traceback (most recent call last):
TypeError: m_b must be a list

>>> matrix_mul([1, 2, 3], [[2, 3, 5], [5, 9, 7]])
Traceback (most recent call last):
TypeError: m_a must be a list of lists

>>> matrix_mul([[2, 3, 5], [5, 9, 7]], [1, 2, 3])
Traceback (most recent call last):
TypeError: m_b must be a list of lists

>>> matrix_mul([[2, 3, 5], [5, 9, 7]], [])
Traceback (most recent call last):
ValueError: m_b can't be empty

>>> matrix_mul([[2, 3, 5], [5, 9, 7]], [['a', 'b', 'c'], ['d', 'e', 'f']])
Traceback (most recent call last):
TypeError: m_b should contain only integers or floats

>>> matrix_mul([[1, 2], [3, 4]], [[1, 2, 3], [4, 5]])
Traceback (most recent call last):
TypeError: each row of m_b must be of the same size
